﻿
1∩╕ÅΓâú Registering user: test-1762662741178@example.com
node : (node:22272) [MODULE_TYPELESS_PACKAGE_JSON] Warning: Module type 
of file:///E:/E-Consultancy/test-full-flow.js is not specified and it 
doesn't parse as CommonJS.
At line:1 char:1
+ node test-full-flow.js 2>&1 | tee test-output.txt
+ ~~~~~~~~~~~~~~~~~~~~~~~~~~~
    + CategoryInfo          : NotSpecified: ((node:22272) [M...se as Com 
   monJS.:String) [], RemoteException
    + FullyQualifiedErrorId : NativeCommandError
 
Reparsing as ES module because module syntax was detected. This incurs a 
performance overhead.
To eliminate this warning, add "type": "module" to 
E:\E-Consultancy\package.json.
(Use `node --trace-warnings ...` to show where the warning was created)
Response: {
  token: 'eyJhbGciOiJIUzI1NiIsInR5cCI6IkpXVCJ9.eyJpZCI6MTcsImlhdCI6MTc2MjY2Mjc0MSwiZXhwIjoxNzYzMjY3NTQxfQ.ePntb7IIUt2iuWbKXpUq2s5WVTZlpM4fpKGj1N7McoY',
  user: {
    id: 17,
    name: 'Test User',
    email: 'test-1762662741178@example.com',
    role: 'patient',
    createdAt: '2025-11-09T04:32:21.330Z',
    updatedAt: '2025-11-09T04:32:21.330Z'
  }
}

2∩╕ÅΓâú Logging in: test-1762662741178@example.com
Response: {
  "token": "eyJhbGciOiJIUzI1NiIsInR5cCI6IkpXVCJ9.eyJpZCI6MTcsImlhdCI6MTc2MjY2Mjc0MSwiZXhwIjoxNzYzMjY3NTQxfQ.ePntb7IIUt2iuWbKXpUq2s5WVTZlpM4fpKGj1N7McoY",
  "user": {
    "id": 17,
    "name": "Test User",
    "email": "test-1762662741178@example.com",
    "role": "patient",
    "createdAt": "2025-11-09T04:32:21.330Z",
    "updatedAt": "2025-11-09T04:32:21.330Z"
  }
}

3∩╕ÅΓâú Uploading file with token: eyJhbGciOiJIUzI1NiIsInR5cCI6Ik...
Status: 400
Response: {
  "success": false,
  "message": "Busboy error: Unexpected end of form"
}

Γ¥î Upload failed
